
Discarded input sections

 .text          0x00000000        0x0 ..\obj\semihosting.o
 .data          0x00000000        0x0 ..\obj\semihosting.o
 .text.SH_SendString
                0x00000000       0x20 ..\obj\semihosting.o
 .text.SH_GetChar
                0x00000000       0x40 ..\obj\semihosting.o
 .text          0x00000000        0x0 ..\obj\system_stm32f10x.o
 .data          0x00000000       0x14 ..\obj\system_stm32f10x.o
 .bss           0x00000000        0x0 ..\obj\system_stm32f10x.o
 .text.SystemCoreClockUpdate
                0x00000000       0xd8 ..\obj\system_stm32f10x.o
 .text          0x00000000        0x0 ..\obj\startup_stm32f10x_md.o
 .data          0x00000000        0x0 ..\obj\startup_stm32f10x_md.o
 .bss           0x00000000        0x0 ..\obj\startup_stm32f10x_md.o
 .text          0x00000000        0x0 ..\obj\main.o
 .data          0x00000000        0x0 ..\obj\main.o
 .bss           0x00000000        0x0 ..\obj\main.o
 .text          0x00000000        0x0 ..\obj\printf.o
 .bss           0x00000000        0x0 ..\obj\printf.o
 .text.PutChar  0x00000000       0x20 ..\obj\printf.o
 .text.PutString
                0x00000000       0x3c ..\obj\printf.o
 .text.PutUnsignedInt
                0x00000000       0x9c ..\obj\printf.o
 .text.PutSignedInt
                0x00000000       0xf8 ..\obj\printf.o
 .text.PutHexa  0x00000000       0xd4 ..\obj\printf.o
 .text.vsnprintf
                0x00000000      0x254 ..\obj\printf.o
 .text.snprintf
                0x00000000       0x30 ..\obj\printf.o
 .text.vsprintf
                0x00000000       0x24 ..\obj\printf.o
 .rodata        0x00000000       0x24 ..\obj\printf.o
 .text.vfprintf
                0x00000000       0x68 ..\obj\printf.o
 .text.vprintf  0x00000000       0x28 ..\obj\printf.o
 .text.fprintf  0x00000000       0x2c ..\obj\printf.o
 .text.printf   0x00000000       0x28 ..\obj\printf.o
 .text.sprintf  0x00000000       0x2c ..\obj\printf.o
 .data          0x00000000        0x0 ..\obj\sh_cmd.o
 .bss           0x00000000        0x0 ..\obj\sh_cmd.o

Memory Configuration

Name             Origin             Length             Attributes
rom              0x08000000         0x00010000         xr
ram              0x20000000         0x00005000         xrw
*default*        0x00000000         0xffffffff

Linker script and memory map

                0x20005000                _eram = 0x20005000

.text           0x08000000      0x5a5
 *(.isr_vector)
 .isr_vector    0x08000000      0x10c ..\obj\startup_stm32f10x_md.o
                0x08000000                g_pfnVectors
 *(.text*)
 .text.SH_SendChar
                0x0800010c       0x64 ..\obj\semihosting.o
                0x0800010c                SH_SendChar
 .text.SystemInit
                0x08000170       0x68 ..\obj\system_stm32f10x.o
                0x08000170                SystemInit
 .text.SetSysClock
                0x080001d8        0xc ..\obj\system_stm32f10x.o
 .text.SetSysClockTo72
                0x080001e4      0x100 ..\obj\system_stm32f10x.o
 .text.Default_Reset_Handler
                0x080002e4       0x60 ..\obj\startup_stm32f10x_md.o
                0x080002e4                Default_Reset_Handler
                0x080002e4                Reset_Handler
 .text.Default_Handler
                0x08000344        0x8 ..\obj\startup_stm32f10x_md.o
                0x08000344                EXTI2_IRQHandler
                0x08000344                DebugMon_Handler
                0x08000344                TIM1_CC_IRQHandler
                0x08000344                SysTick_Handler
                0x08000344                PVD_IRQHandler
                0x08000344                PendSV_Handler
                0x08000344                NMI_Handler
                0x08000344                EXTI3_IRQHandler
                0x08000344                EXTI0_IRQHandler
                0x08000344                I2C2_EV_IRQHandler
                0x08000344                UsageFault_Handler
                0x08000344                ADC1_2_IRQHandler
                0x08000344                SPI1_IRQHandler
                0x08000344                TAMPER_IRQHandler
                0x08000344                DMA1_Channel4_IRQHandler
                0x08000344                USART3_IRQHandler
                0x08000344                RTC_IRQHandler
                0x08000344                DMA1_Channel7_IRQHandler
                0x08000344                CAN1_RX1_IRQHandler
                0x08000344                TIM4_IRQHandler
                0x08000344                I2C1_EV_IRQHandler
                0x08000344                DMA1_Channel6_IRQHandler
                0x08000344                TIM3_IRQHandler
                0x08000344                RCC_IRQHandler
                0x08000344                TIM1_TRG_COM_IRQHandler
                0x08000344                DMA1_Channel1_IRQHandler
                0x08000344                EXTI15_10_IRQHandler
                0x08000344                EXTI9_5_IRQHandler
                0x08000344                SPI2_IRQHandler
                0x08000344                MemManage_Handler
                0x08000344                SVC_Handler
                0x08000344                DMA1_Channel5_IRQHandler
                0x08000344                EXTI4_IRQHandler
                0x08000344                USB_LP_CAN1_RX0_IRQHandler
                0x08000344                USB_HP_CAN1_TX_IRQHandler
                0x08000344                DMA1_Channel3_IRQHandler
                0x08000344                TIM1_UP_IRQHandler
                0x08000344                WWDG_IRQHandler
                0x08000344                TIM2_IRQHandler
                0x08000344                TIM1_BRK_IRQHandler
                0x08000344                EXTI1_IRQHandler
                0x08000344                RTCAlarm_IRQHandler
                0x08000344                USART2_IRQHandler
                0x08000344                I2C2_ER_IRQHandler
                0x08000344                DMA1_Channel2_IRQHandler
                0x08000344                CAN1_SCE_IRQHandler
                0x08000344                FLASH_IRQHandler
                0x08000344                BusFault_Handler
                0x08000344                USART1_IRQHandler
                0x08000344                I2C1_ER_IRQHandler
                0x08000344                USBWakeUp_IRQHandler
 .text.ITM_SendChar
                0x0800034c       0x4c ..\obj\main.o
 .text.delay    0x08000398       0x30 ..\obj\main.o
                0x08000398                delay
 .text.ITM_SendString
                0x080003c8       0x2c ..\obj\main.o
                0x080003c8                ITM_SendString
 .text.main     0x080003f4       0x94 ..\obj\main.o
                0x080003f4                main
 .text.PrintChar
                0x08000488       0x1c ..\obj\printf.o
                0x08000488                PrintChar
 .text.puts     0x080004a4       0x24 ..\obj\printf.o
                0x080004a4                puts
 .text.fputc    0x080004c8       0x40 ..\obj\printf.o
                0x080004c8                fputc
 .text.fputs    0x08000508       0x48 ..\obj\printf.o
                0x08000508                fputs
 .text          0x08000550       0x26 ..\obj\sh_cmd.o
                0x08000550                SH_DoCommand
                0x08000562                HardFault_Handler
 *(.init)
 *(.fini)
 *crtbegin.o(.ctors)
 *crtbegin?.o(.ctors)
 *(EXCLUDE_FILE(*crtend.o *crtend?.o) .ctors)
 *(SORT(.ctors.*))
 *(.ctors)
 *crtbegin.o(.dtors)
 *crtbegin?.o(.dtors)
 *(EXCLUDE_FILE(*crtend.o *crtend?.o) .dtors)
 *(SORT(.dtors.*))
 *(.dtors)
 *(.rodata*)
 *fill*         0x08000576        0x2 
 .rodata        0x08000578       0x2d ..\obj\main.o
 *(.eh_fram e*)

.glue_7         0x080005a8        0x0
 .glue_7        0x080005a8        0x0 linker stubs

.glue_7t        0x080005a8        0x0
 .glue_7t       0x080005a8        0x0 linker stubs

.vfp11_veneer   0x080005a8        0x0
 .vfp11_veneer  0x080005a8        0x0 linker stubs

.v4_bx          0x080005a8        0x0
 .v4_bx         0x080005a8        0x0 linker stubs

.iplt           0x080005a8        0x0
 .iplt          0x080005a8        0x0 ..\obj\semihosting.o

.rel.dyn        0x080005a8        0x0
 .rel.iplt      0x080005a8        0x0 ..\obj\semihosting.o

.ARM.extab
 *(.ARM.extab* .gnu.linkonce.armextab.*)
                0x080005a8                __exidx_start = .

.ARM.exidx
 *(.ARM.exidx* .gnu.linkonce.armexidx.*)
                0x080005a8                __exidx_end = .
                0x080005a8                __etext = .
                0x080005a5                _sidata = __etext

.data           0x20000000      0x42c load address 0x080005a5
                0x20000000                __data_start__ = .
                0x20000000                _sdata = __data_start__
 *(vtable)
 *(.data*)
 .data          0x20000000      0x42c ..\obj\printf.o
                0x20000000                r
                0x20000428                _impure_ptr
                0x2000042c                . = ALIGN (0x4)
                [!provide]                PROVIDE (__preinit_array_start, .)
 *(.preinit_array)
                [!provide]                PROVIDE (__preinit_array_end, .)
                0x2000042c                . = ALIGN (0x4)
                [!provide]                PROVIDE (__init_array_start, .)
 *(SORT(.init_array.*))
 *(.init_array)
                [!provide]                PROVIDE (__init_array_end, .)
                0x2000042c                . = ALIGN (0x4)
                [!provide]                PROVIDE (__fini_array_start, .)
 *(SORT(.fini_array.*))
 *(.fini_array)
                [!provide]                PROVIDE (__fini_array_end, .)
 *(.jcr*)
                0x2000042c                . = ALIGN (0x4)
                0x2000042c                __data_end__ = .
                0x2000042c                _edata = __data_end__

.igot.plt       0x2000042c        0x0 load address 0x080009d4
 .igot.plt      0x2000042c        0x0 ..\obj\semihosting.o

.bss            0x2000042c       0x14 load address 0x080009d4
                0x2000042c                . = ALIGN (0x4)
                0x2000042c                __bss_start__ = .
                0x2000042c                _sbss = __bss_start__
 *(.bss*)
 .bss           0x2000042c       0x11 ..\obj\semihosting.o
 *(COMMON)
                0x20000440                . = ALIGN (0x4)
 *fill*         0x2000043d        0x3 
                0x20000440                __bss_end__ = .
                0x20000440                _ebss = __bss_end__

.heap           0x20000440        0x0
                0x20000440                __end__ = .
                0x20000440                _end = __end__
                0x20000440                end = __end__
 *(.heap*)
                0x20000440                __HeapLimit = .

.co_stack       0x20000440      0x400 load address 0x080009e8
                0x20000440                . = ALIGN (0x8)
 *(.co_stack .co_stack.*)
 .co_stack      0x20000440      0x400 ..\obj\startup_stm32f10x_md.o
                0x20000440                pulStack
                0x20005000                __StackTop = (ORIGIN (ram) + LENGTH (ram))
                0x20004c00                __StackLimit = (__StackTop - SIZEOF (.co_stack))
                [!provide]                PROVIDE (__stack, __StackTop)
                0x00000001                ASSERT ((__StackLimit >= __HeapLimit), region ram  overflowed with stack)
LOAD ..\obj\semihosting.o
LOAD ..\obj\system_stm32f10x.o
LOAD ..\obj\startup_stm32f10x_md.o
LOAD ..\obj\main.o
LOAD ..\obj\printf.o
LOAD ..\obj\sh_cmd.o
START GROUP
LOAD c:/program files (x86)/gnu tools arm embedded/5.4 2016q3/bin/../lib/gcc/arm-none-eabi/5.4.1/armv7-m\libgcc.a
LOAD c:/program files (x86)/gnu tools arm embedded/5.4 2016q3/bin/../lib/gcc/arm-none-eabi/5.4.1/../../../../arm-none-eabi/lib/armv7-m\libg.a
LOAD c:/program files (x86)/gnu tools arm embedded/5.4 2016q3/bin/../lib/gcc/arm-none-eabi/5.4.1/../../../../arm-none-eabi/lib/armv7-m\libc.a
END GROUP
OUTPUT(STM32F103C8_Blink.elf elf32-littlearm)

.debug_info     0x00000000     0x1b12
 .debug_info    0x00000000      0x136 ..\obj\semihosting.o
 .debug_info    0x00000136      0x49c ..\obj\system_stm32f10x.o
 .debug_info    0x000005d2       0xee ..\obj\startup_stm32f10x_md.o
 .debug_info    0x000006c0      0x50c ..\obj\main.o
 .debug_info    0x00000bcc      0xe57 ..\obj\printf.o
 .debug_info    0x00001a23       0xef ..\obj\sh_cmd.o

.debug_abbrev   0x00000000      0x731
 .debug_abbrev  0x00000000       0xad ..\obj\semihosting.o
 .debug_abbrev  0x000000ad      0x14e ..\obj\system_stm32f10x.o
 .debug_abbrev  0x000001fb       0xa7 ..\obj\startup_stm32f10x_md.o
 .debug_abbrev  0x000002a2      0x1e3 ..\obj\main.o
 .debug_abbrev  0x00000485      0x298 ..\obj\printf.o
 .debug_abbrev  0x0000071d       0x14 ..\obj\sh_cmd.o

.debug_aranges  0x00000000      0x188
 .debug_aranges
                0x00000000       0x30 ..\obj\semihosting.o
 .debug_aranges
                0x00000030       0x38 ..\obj\system_stm32f10x.o
 .debug_aranges
                0x00000068       0x28 ..\obj\startup_stm32f10x_md.o
 .debug_aranges
                0x00000090       0x38 ..\obj\main.o
 .debug_aranges
                0x000000c8       0xa0 ..\obj\printf.o
 .debug_aranges
                0x00000168       0x20 ..\obj\sh_cmd.o

.debug_ranges   0x00000000      0x118
 .debug_ranges  0x00000000       0x20 ..\obj\semihosting.o
 .debug_ranges  0x00000020       0x28 ..\obj\system_stm32f10x.o
 .debug_ranges  0x00000048       0x18 ..\obj\startup_stm32f10x_md.o
 .debug_ranges  0x00000060       0x28 ..\obj\main.o
 .debug_ranges  0x00000088       0x90 ..\obj\printf.o

.debug_line     0x00000000      0xb1b
 .debug_line    0x00000000       0xd1 ..\obj\semihosting.o
 .debug_line    0x000000d1      0x270 ..\obj\system_stm32f10x.o
 .debug_line    0x00000341       0xc8 ..\obj\startup_stm32f10x_md.o
 .debug_line    0x00000409      0x2d6 ..\obj\main.o
 .debug_line    0x000006df      0x39a ..\obj\printf.o
 .debug_line    0x00000a79       0xa2 ..\obj\sh_cmd.o

.debug_str      0x00000000      0xabb
 .debug_str     0x00000000      0x1e7 ..\obj\semihosting.o
                                0x220 (size before relaxing)
 .debug_str     0x000001e7      0x1ed ..\obj\system_stm32f10x.o
                                0x31d (size before relaxing)
 .debug_str     0x000003d4       0xd6 ..\obj\startup_stm32f10x_md.o
                                0x16d (size before relaxing)
 .debug_str     0x000004aa      0x11c ..\obj\main.o
                                0x33a (size before relaxing)
 .debug_str     0x000005c6      0x4f5 ..\obj\printf.o
                                0x6d3 (size before relaxing)

.comment        0x00000000       0x6e
 .comment       0x00000000       0x6e ..\obj\semihosting.o
                                 0x6f (size before relaxing)
 .comment       0x0000006e       0x6f ..\obj\system_stm32f10x.o
 .comment       0x0000006e       0x6f ..\obj\startup_stm32f10x_md.o
 .comment       0x0000006e       0x6f ..\obj\main.o
 .comment       0x0000006e       0x6f ..\obj\printf.o

.ARM.attributes
                0x00000000       0x31
 .ARM.attributes
                0x00000000       0x33 ..\obj\semihosting.o
 .ARM.attributes
                0x00000033       0x33 ..\obj\system_stm32f10x.o
 .ARM.attributes
                0x00000066       0x33 ..\obj\startup_stm32f10x_md.o
 .ARM.attributes
                0x00000099       0x33 ..\obj\main.o
 .ARM.attributes
                0x000000cc       0x33 ..\obj\printf.o
 .ARM.attributes
                0x000000ff       0x21 ..\obj\sh_cmd.o

.debug_frame    0x00000000      0x4d8
 .debug_frame   0x00000000       0x7c ..\obj\semihosting.o
 .debug_frame   0x0000007c       0x98 ..\obj\system_stm32f10x.o
 .debug_frame   0x00000114       0x4c ..\obj\startup_stm32f10x_md.o
 .debug_frame   0x00000160       0xa0 ..\obj\main.o
 .debug_frame   0x00000200      0x2d8 ..\obj\printf.o
